// Jest Snapshot v1, https://goo.gl/fbAQLP

exports[`Loader component renders 1`] = `
ShallowWrapper {
  Symbol(enzyme.__root__): [Circular],
  Symbol(enzyme.__unrendered__): <Loader />,
  Symbol(enzyme.__renderer__): Object {
    "batchedUpdates": [Function],
    "checkPropTypes": [Function],
    "getNode": [Function],
    "render": [Function],
    "simulateError": [Function],
    "simulateEvent": [Function],
    "unmount": [Function],
  },
  Symbol(enzyme.__node__): Object {
    "instance": null,
    "key": undefined,
    "nodeType": "function",
    "props": Object {
      "children": <onlyUpdateForKeys(Loader)
        color="#000000"
        css={Object {}}
        loading={true}
        margin="2px"
        size={9}
        sizeUnit="px"
      />,
    },
    "ref": null,
    "rendered": Object {
      "instance": null,
      "key": undefined,
      "nodeType": "class",
      "props": Object {
        "color": "#000000",
        "css": Object {},
        "loading": true,
        "margin": "2px",
        "size": 9,
        "sizeUnit": "px",
      },
      "ref": null,
      "rendered": null,
      "type": [Function],
    },
    "type": Object {
      "$$typeof": Symbol(react.forward_ref),
      "attrs": Array [],
      "componentStyle": ComponentStyle {
        "componentId": "sc-bwzfXH",
        "isStatic": true,
        "rules": Array [
          "
  justify-content: center;
  align-items: center;
  height: 100%;
  width: 100%;
  display: flex;
",
        ],
      },
      "displayName": "Styled(styled.aside)",
      "foldedComponentIds": Array [
        "sc-bdVaJa",
      ],
      "render": [Function],
      "styledComponentId": "sc-bwzfXH",
      "target": "aside",
      "toString": [Function],
      "warnTooManyClasses": [Function],
      "withComponent": [Function],
    },
  },
  Symbol(enzyme.__nodes__): Array [
    Object {
      "instance": null,
      "key": undefined,
      "nodeType": "function",
      "props": Object {
        "children": <onlyUpdateForKeys(Loader)
          color="#000000"
          css={Object {}}
          loading={true}
          margin="2px"
          size={9}
          sizeUnit="px"
        />,
      },
      "ref": null,
      "rendered": Object {
        "instance": null,
        "key": undefined,
        "nodeType": "class",
        "props": Object {
          "color": "#000000",
          "css": Object {},
          "loading": true,
          "margin": "2px",
          "size": 9,
          "sizeUnit": "px",
        },
        "ref": null,
        "rendered": null,
        "type": [Function],
      },
      "type": Object {
        "$$typeof": Symbol(react.forward_ref),
        "attrs": Array [],
        "componentStyle": ComponentStyle {
          "componentId": "sc-bwzfXH",
          "isStatic": true,
          "rules": Array [
            "
  justify-content: center;
  align-items: center;
  height: 100%;
  width: 100%;
  display: flex;
",
          ],
        },
        "displayName": "Styled(styled.aside)",
        "foldedComponentIds": Array [
          "sc-bdVaJa",
        ],
        "render": [Function],
        "styledComponentId": "sc-bwzfXH",
        "target": "aside",
        "toString": [Function],
        "warnTooManyClasses": [Function],
        "withComponent": [Function],
      },
    },
  ],
  Symbol(enzyme.__options__): Object {
    "adapter": ReactSixteenAdapter {
      "options": Object {
        "enableComponentDidUpdateOnSetState": true,
        "legacyContextMode": "parent",
        "lifecycles": Object {
          "componentDidUpdate": Object {
            "onSetState": true,
          },
          "getChildContext": Object {
            "calledByRenderer": false,
          },
          "getDerivedStateFromError": true,
          "getDerivedStateFromProps": Object {
            "hasShouldComponentUpdateBug": false,
          },
          "getSnapshotBeforeUpdate": true,
          "setState": Object {
            "skipsComponentDidUpdateOnNullish": true,
          },
        },
      },
    },
  },
}
`;
