// Jest Snapshot v1, https://goo.gl/fbAQLP

exports[`ToastContainer component renders 1`] = `
ShallowWrapper {
  Symbol(enzyme.__root__): [Circular],
  Symbol(enzyme.__unrendered__): <App />,
  Symbol(enzyme.__renderer__): Object {
    "batchedUpdates": [Function],
    "checkPropTypes": [Function],
    "getNode": [Function],
    "render": [Function],
    "simulateError": [Function],
    "simulateEvent": [Function],
    "unmount": [Function],
  },
  Symbol(enzyme.__node__): Object {
    "instance": null,
    "key": undefined,
    "nodeType": "class",
    "props": Object {
      "autoClose": 5000,
      "bodyClassName": null,
      "className": null,
      "closeButton": <InlineSVG
        baseURL=""
        cacheGetRequests={false}
        className="toast-close"
        onLoad={[Function]}
        src="https://res.cloudinary.com/drqqv1c2v/image/upload/v1543619816/Close.svg"
        supportTest={[Function]}
        uniquifyIDs={true}
        wrapper={[Function]}
      />,
      "closeOnClick": true,
      "draggable": true,
      "draggablePercent": 80,
      "hideProgressBar": true,
      "newestOnTop": false,
      "pauseOnFocusLoss": true,
      "pauseOnHover": true,
      "position": "top-right",
      "progressClassName": null,
      "progressStyle": null,
      "rtl": false,
      "style": null,
      "toastClassName": null,
      "transition": [Function],
    },
    "ref": null,
    "rendered": null,
    "type": [Function],
  },
  Symbol(enzyme.__nodes__): Array [
    Object {
      "instance": null,
      "key": undefined,
      "nodeType": "class",
      "props": Object {
        "autoClose": 5000,
        "bodyClassName": null,
        "className": null,
        "closeButton": <InlineSVG
          baseURL=""
          cacheGetRequests={false}
          className="toast-close"
          onLoad={[Function]}
          src="https://res.cloudinary.com/drqqv1c2v/image/upload/v1543619816/Close.svg"
          supportTest={[Function]}
          uniquifyIDs={true}
          wrapper={[Function]}
        />,
        "closeOnClick": true,
        "draggable": true,
        "draggablePercent": 80,
        "hideProgressBar": true,
        "newestOnTop": false,
        "pauseOnFocusLoss": true,
        "pauseOnHover": true,
        "position": "top-right",
        "progressClassName": null,
        "progressStyle": null,
        "rtl": false,
        "style": null,
        "toastClassName": null,
        "transition": [Function],
      },
      "ref": null,
      "rendered": null,
      "type": [Function],
    },
  ],
  Symbol(enzyme.__options__): Object {
    "adapter": ReactSixteenAdapter {
      "options": Object {
        "enableComponentDidUpdateOnSetState": true,
        "legacyContextMode": "parent",
        "lifecycles": Object {
          "componentDidUpdate": Object {
            "onSetState": true,
          },
          "getChildContext": Object {
            "calledByRenderer": false,
          },
          "getDerivedStateFromError": true,
          "getDerivedStateFromProps": Object {
            "hasShouldComponentUpdateBug": false,
          },
          "getSnapshotBeforeUpdate": true,
          "setState": Object {
            "skipsComponentDidUpdateOnNullish": true,
          },
        },
      },
    },
  },
}
`;
